Microchip MPLAB XC8 Compiler V2.46

Linker command line:

-W-3 \
  --edf=C:\Program Files\Microchip\xc8\v2.46\pic\dat\20240104201356_en.msgs \
  -cn -h+dist/default/production\washing_machine1.X.production.sym \
  --cmf=dist/default/production\washing_machine1.X.production.cmf -z \
  -Q16F877A -oC:\Users\ameen\AppData\Local\Temp\xcAsac0.\driver_tmp_3.o \
  --defsym=__MPLAB_BUILD=1 --fixupoverflow=error \
  -Mdist/default/production/washing_machine1.X.production.map \
  --md=C:\Users\ameen\AppData\Local\Temp\xcAsac0.\driver_tmp_0.dat -E1 \
  -ver=XC8 Compiler --acfsm=1493 -ACODE=00h-07FFhx4 -ASTRCODE=00h-01FFFh \
  -ASTRING=00h-0FFhx32 -ACONST=00h-0FFhx32 -AENTRY=00h-0FFhx32 \
  -ACOMMON=070h-07Fh -ABANK0=020h-06Fh -ABANK1=0A0h-0EFh \
  -ABANK2=0110h-016Fh -ABANK3=0190h-01EFh \
  -ARAM=020h-06Fh,0A0h-0EFh,0110h-016Fh,0190h-01EFh \
  -AABS1=020h-07Fh,0A0h-0EFh,0110h-016Fh,0190h-01EFh -ASFR0=00h-01Fh \
  -ASFR1=080h-09Fh -ASFR2=0100h-010Fh -ASFR3=0180h-018Fh \
  -ACONFIG=02007h-02007h -DCONFIG=2 -AIDLOC=02000h-02003h -DIDLOC=2 \
  -AEEDATA=00h-0FFh/02100h -peeprom_data=EEDATA -DEEDATA=2 -DCODE=2 \
  -DSTRCODE=2 -DSTRING=2 -DCONST=2 -DENTRY=2 \
  -preset_vec=00h,intentry=04h,sivt,init,end_init -ppowerup=CODE \
  -pcinit=CODE -pfunctab=ENTRY -k \
  C:\Users\ameen\AppData\Local\Temp\xcAsac0.\driver_tmp_12.o \
  dist/default/production\washing_machine1.X.production.o 

Object code version is 3.11

Machine type is 16F877A



                Name                               Link     Load   Length Selector   Space Scale
C:\Users\ameen\AppData\Local\Temp\xcAsac0.\driver_tmp_12.o
                end_init                              C        C        3        8       0
                reset_vec                             0        0        3        0       0
                config                             2007     2007        1        0       4
dist/default/production\washing_machine1.X.production.o
                cinit                                 F        F       2E        8       0
                intentry                              4        4        8        8       0
                config                             2007     2007        1        0       4
                text27                             1621     1621       35     2C42       0
                text26                             153E     153E       20     2A7C       0
                text25                             1656     1656       47     2CAC       0
                text24                             1506     1506        B     2A0C       0
                text23                              7F8      7F8        6        8       0
                text22                             1511     1511        D     2A22       0
                text21                              7E2      7E2       16        8       0
                text20                             15F2     15F2       2F     2BE4       0
                text19                              803      803       15     1006       0
                text18                             169D     169D       55     2D3A       0
                text17                             17A1     17A1       5F     2F42       0
                text16                              818      818       69     1030       0
                text15                             1748     1748       59     2E90       0
                text14                              8F9      8F9       A4     11F2       0
                text13                             15C9     15C9       29     2B92       0
                text12                              3E3      3E3      345        8       0
                text11                              DA0      DA0      260     1B40       0
                text10                             1580     1580       24     2B00       0
                text9                               881      881       78     1102       0
                text8                              15A4     15A4       25     2B48       0
                text7                               728      728       BA        8       0
                text6                              151E     151E        D     2A3C       0
                text5                              16F2     16F2       56     2DE4       0
                text4                                3D       3D      3A6        8       0
                text3                               99D      99D       E9     133A       0
                text2                               A86      A86       F6     150C       0
                text1                               B7C      B7C       F6     16F8       0
                maintext                            C72      C72      12E     18E4       0
                cstackBANK0                          20       20       40       20       1
                cstackCOMMON                         70       70        9       70       1
                cstackBANK1                          C2       C2        5       A0       1
                inittext                           152B     152B       13     2A56       0
                dataBANK1                            A0       A0       22       A0       1
                bssBANK1                             C7       C7        2       A0       1
                dataBANK0                            6E       6E        1       20       1
                bssBANK0                             60       60        D       20       1
                bssCOMMON                            79       79        3       70       1
                stringtext                         1000     1000      19C       20       0
                strings                            119C     119C       12     2338       0
                nvBANK1                              C9       C9        1       A0       1
                nvBANK0                              6D       6D        1       20       1
                idataBANK1                         155E     155E       22     2ABC       0
                idataBANK0                          7FE      7FE        1        8       0

TOTAL           Name                               Link     Load   Length     Space
        CLASS   CODE           
                end_init                              C        C        3         0
                cinit                                 F        F       2E         0
                intentry                              4        4        8         0
                reset_vec                             0        0        3         0
                text27                             1621     1621       35         0
                text26                             153E     153E       20         0
                text25                             1656     1656       47         0
                text24                             1506     1506        B         0
                text23                              7F8      7F8        6         0
                text22                             1511     1511        D         0
                text21                              7E2      7E2       16         0
                text20                             15F2     15F2       2F         0
                text19                              803      803       15         0
                text18                             169D     169D       55         0
                text17                             17A1     17A1       5F         0
                text16                              818      818       69         0
                text15                             1748     1748       59         0
                text14                              8F9      8F9       A4         0
                text13                             15C9     15C9       29         0
                text12                              3E3      3E3      345         0
                text11                              DA0      DA0      260         0
                text10                             1580     1580       24         0
                text9                               881      881       78         0
                text8                              15A4     15A4       25         0
                text7                               728      728       BA         0
                text6                              151E     151E        D         0
                text5                              16F2     16F2       56         0
                text4                                3D       3D      3A6         0
                text3                               99D      99D       E9         0
                text2                               A86      A86       F6         0
                text1                               B7C      B7C       F6         0
                maintext                            C72      C72      12E         0
                inittext                           152B     152B       13         0
                idataBANK1                         155E     155E       22         0
                idataBANK0                          7FE      7FE        1         0

        CLASS   STRCODE        
                stringtext                         1000     1000      19C         0

        CLASS   STRING         
                strings                            119C     119C       12         0

        CLASS   CONST          

        CLASS   ENTRY          

        CLASS   COMMON         
                cstackCOMMON                         70       70        9         1
                bssCOMMON                            79       79        3         1

        CLASS   BANK0          
                cstackBANK0                          20       20       40         1
                dataBANK0                            6E       6E        1         1
                bssBANK0                             60       60        D         1
                nvBANK0                              6D       6D        1         1

        CLASS   BANK1          
                cstackBANK1                          C2       C2        5         1
                dataBANK1                            A0       A0       22         1
                bssBANK1                             C7       C7        2         1
                nvBANK1                              C9       C9        1         1

        CLASS   BANK2          

        CLASS   BANK3          

        CLASS   RAM            

        CLASS   ABS1           
                abs_s1                               7E       7E        2         1

        CLASS   SFR0           

        CLASS   SFR1           

        CLASS   SFR2           

        CLASS   SFR3           

        CLASS   CONFIG         
                config                             2007     2007        1         4

        CLASS   IDLOC          

        CLASS   EEDATA         

        CLASS   HEAP           

        CLASS   STACK          



SEGMENTS        Name                           Load    Length   Top    Selector   Space  Class     Delta

                reset_vec                      000000  000003  000003         0       0  CODE        2
                intentry                       000004  0007FB  0007FF         8       0  CODE        2
                cstackBANK0                    000020  00004F  00006F        20       1  BANK0       1
                cstackCOMMON                   000070  00000C  00007C        70       1  COMMON      1
                dataBANK1                      0000A0  00002A  0000CA        A0       1  BANK1       1
                text19                         000803  000015  000818      1006       0  CODE        2
                text16                         000818  000069  000881      1030       0  CODE        2
                text9                          000881  000078  0008F9      1102       0  CODE        2
                text14                         0008F9  0000A4  00099D      11F2       0  CODE        2
                text3                          00099D  0000E9  000A86      133A       0  CODE        2
                text2                          000A86  0000F6  000B7C      150C       0  CODE        2
                text1                          000B7C  0000F6  000C72      16F8       0  CODE        2
                maintext                       000C72  00012E  000DA0      18E4       0  CODE        2
                text11                         000DA0  000260  001000      1B40       0  CODE        2
                stringtext                     001000  00019C  00119C        20       0  STRCODE     2
                strings                        00119C  000012  0011AE      2338       0  STRING      2
                text24                         001506  00000B  001511      2A0C       0  CODE        2
                text22                         001511  00000D  00151E      2A22       0  CODE        2
                text6                          00151E  00000D  00152B      2A3C       0  CODE        2
                inittext                       00152B  000013  00153E      2A56       0  CODE        2
                text26                         00153E  000020  00155E      2A7C       0  CODE        2
                idataBANK1                     00155E  000022  001580      2ABC       0  CODE        2
                text10                         001580  000024  0015A4      2B00       0  CODE        2
                text8                          0015A4  000025  0015C9      2B48       0  CODE        2
                text13                         0015C9  000029  0015F2      2B92       0  CODE        2
                text20                         0015F2  00002F  001621      2BE4       0  CODE        2
                text27                         001621  000035  001656      2C42       0  CODE        2
                text25                         001656  000047  00169D      2CAC       0  CODE        2
                text18                         00169D  000055  0016F2      2D3A       0  CODE        2
                text5                          0016F2  000056  001748      2DE4       0  CODE        2
                text15                         001748  000059  0017A1      2E90       0  CODE        2
                text17                         0017A1  00005F  001800      2F42       0  CODE        2


UNUSED ADDRESS RANGES

        Name                Unused          Largest block    Delta
        BANK0            006F-006F              1           1
        BANK1            00CA-00EF             26           1
        BANK2            0110-016F             60           1
        BANK3            0190-01EF             60           1
        CODE             0003-0003              1           2
                         07FF-0802              1
                         11AE-1505            358
                         1800-1FFF            800
        COMMON           007C-007D              2           1
        CONST            0003-0003              1           2
                         07FF-0802              1
                         11AE-1505            100
                         1800-1FFF            100
        EEDATA           2100-21FF            100           2
        ENTRY            0003-0003              1           2
                         07FF-0802              1
                         11AE-1505            100
                         1800-1FFF            100
        IDLOC            2000-2003              4           2
        RAM              006F-006F              1           1
                         00CA-00EF             26
                         0110-016F             60
                         0190-01EF             60
        SFR0             0000-001F             20           1
        SFR1             0080-009F             20           1
        SFR2             0100-010F             10           1
        SFR3             0180-018F             10           1
        STRCODE          0003-0003              1           2
                         07FF-0802              4
                         11AE-1505            358
                         1800-1FFF            800
        STRING           0003-0003              1           2
                         07FF-0802              1
                         11AE-1505            100
                         1800-1FFF            100

                                  Symbol Table

?__Umul8_16                      cstackCOMMON 0072
?___awdiv                        cstackCOMMON 0072
?___awmod                        cstackCOMMON 0072
?___fladd                        cstackBANK0  0020
?___flmul                        cstackBANK0  002A
?___flsub                        cstackBANK0  0044
?___fltol                        cstackBANK0  0044
?___wmul                         cstackCOMMON 0072
?___xxtofl                       cstackCOMMON 0072
_GIE                             (abs)        005F
_PEIE                            (abs)        005E
_PORTB                           (abs)        0006
_PORTD                           (abs)        0008
_PR2                             (abs)        0092
_RB0                             (abs)        0030
_RC1                             (abs)        0039
_RC2                             (abs)        003A
_RE1                             (abs)        0049
_RE2                             (abs)        004A
_T2CKPS0                         (abs)        0090
_T2CKPS1                         (abs)        0091
_TMR2IE                          (abs)        0461
_TMR2IF                          (abs)        0061
_TMR2ON                          (abs)        0092
_TRISB                           (abs)        0086
_TRISC1                          (abs)        0439
_TRISC2                          (abs)        043A
_TRISD                           (abs)        0088
_TRISE1                          (abs)        0449
_TRISE2                          (abs)        044A
__H__absolute__                  __absolute__ 0000
__Habs1                          abs1         0000
__Hbank0                         bank0        0000
__Hbank1                         bank1        0000
__Hbank2                         bank2        0000
__Hbank3                         bank3        0000
__HbssBANK0                      bssBANK0     0000
__HbssBANK1                      bssBANK1     0000
__HbssCOMMON                     bssCOMMON    0000
__Hcinit                         cinit        003D
__Hclrtext                       clrtext      0000
__Hcode                          code         0000
__Hcommon                        common       0000
__Hconfig                        config       2008
__HcstackBANK0                   cstackBANK0  0000
__HcstackBANK1                   cstackBANK1  0000
__HcstackCOMMON                  cstackCOMMON 0000
__HdataBANK0                     dataBANK0    0000
__HdataBANK1                     dataBANK1    0000
__Heeprom_data                   eeprom_data  0000
__Hend_init                      end_init     000F
__Hfunctab                       functab      0000
__Hheap                          heap         0000
__HidataBANK0                    idataBANK0   0000
__HidataBANK1                    idataBANK1   0000
__Hinit                          init         000C
__Hinittext                      inittext     0000
__Hintentry                      intentry     000C
__Hmaintext                      maintext     0000
__HnvBANK0                       nvBANK0      0000
__HnvBANK1                       nvBANK1      0000
__Hpowerup                       powerup      0000
__Hram                           ram          0000
__Hreset_vec                     reset_vec    0003
__Hsfr0                          sfr0         0000
__Hsfr1                          sfr1         0000
__Hsfr2                          sfr2         0000
__Hsfr3                          sfr3         0000
__Hsivt                          sivt         000C
__Hspace_0                       (abs)        1800
__Hspace_1                       (abs)        00CA
__Hspace_2                       (abs)        0000
__Hspace_3                       (abs)        0000
__Hspace_4                       (abs)        400F
__Hstack                         stack        0000
__Hstrings                       strings      0000
__Hstringtext                    stringtext   0000
__Htext                          text         0000
__L__absolute__                  __absolute__ 0000
__Labs1                          abs1         0000
__Lbank0                         bank0        0000
__Lbank1                         bank1        0000
__Lbank2                         bank2        0000
__Lbank3                         bank3        0000
__LbssBANK0                      bssBANK0     0000
__LbssBANK1                      bssBANK1     0000
__LbssCOMMON                     bssCOMMON    0000
__Lcinit                         cinit        000F
__Lclrtext                       clrtext      0000
__Lcode                          code         0000
__Lcommon                        common       0000
__Lconfig                        config       0000
__LcstackBANK0                   cstackBANK0  0000
__LcstackBANK1                   cstackBANK1  0000
__LcstackCOMMON                  cstackCOMMON 0000
__LdataBANK0                     dataBANK0    0000
__LdataBANK1                     dataBANK1    0000
__Leeprom_data                   eeprom_data  0000
__Lend_init                      end_init     000C
__Lfunctab                       functab      0000
__Lheap                          heap         0000
__LidataBANK0                    idataBANK0   0000
__LidataBANK1                    idataBANK1   0000
__Linit                          init         000C
__Linittext                      inittext     0000
__Lintentry                      intentry     0004
__Lmaintext                      maintext     0000
__LnvBANK0                       nvBANK0      0000
__LnvBANK1                       nvBANK1      0000
__Lpowerup                       powerup      0000
__Lram                           ram          0000
__Lreset_vec                     reset_vec    0000
__Lsfr0                          sfr0         0000
__Lsfr1                          sfr1         0000
__Lsfr2                          sfr2         0000
__Lsfr3                          sfr3         0000
__Lsivt                          sivt         000C
__Lspace_0                       (abs)        0000
__Lspace_1                       (abs)        0000
__Lspace_2                       (abs)        0000
__Lspace_3                       (abs)        0000
__Lspace_4                       (abs)        0000
__Lstack                         stack        0000
__Lstrings                       strings      0000
__Lstringtext                    stringtext   0000
__Ltext                          text         0000
__S0                             (abs)        1800
__S1                             (abs)        00CA
__S3                             (abs)        0000
__Umul8_16                       text13       15C9
__Umul8_16@multiplicand          cstackCOMMON 0072
__Umul8_16@multiplier            cstackBANK0  0024
__Umul8_16@product               cstackBANK0  0020
__Umul8_16@word_mpld             cstackBANK0  0022
___awdiv                         text16       0818
___awdiv@counter                 cstackBANK0  0020
___awdiv@dividend                cstackCOMMON 0074
___awdiv@divisor                 cstackCOMMON 0072
___awdiv@quotient                cstackBANK0  0022
___awdiv@sign                    cstackBANK0  0021
___awmod                         text15       1748
___awmod@counter                 cstackCOMMON 0076
___awmod@dividend                cstackCOMMON 0074
___awmod@divisor                 cstackCOMMON 0072
___awmod@sign                    cstackCOMMON 0077
___fladd                         text11       0DA0
___fladd@a                       cstackBANK0  0024
___fladd@aexp                    cstackCOMMON 0073
___fladd@b                       cstackBANK0  0020
___fladd@bexp                    cstackCOMMON 0074
___fladd@grs                     cstackCOMMON 0075
___fladd@signs                   cstackCOMMON 0072
___flge                          text14       08F9
___flge@ff1                      cstackBANK0  004C
___flge@ff2                      cstackBANK0  0050
___flmul                         text12       03E3
___flmul@a                       cstackBANK0  002E
___flmul@aexp                    cstackBANK0  0038
___flmul@b                       cstackBANK0  002A
___flmul@bexp                    cstackBANK0  003D
___flmul@grs                     cstackBANK0  0039
___flmul@prod                    cstackBANK0  003E
___flmul@sign                    cstackBANK0  0037
___flmul@temp                    cstackBANK0  0042
___flsub                         text10       1580
___flsub@a                       cstackBANK0  0044
___flsub@b                       cstackBANK0  0048
___fltol                         text9        0881
___fltol@exp1                    cstackCOMMON 0077
___fltol@f1                      cstackBANK0  0044
___fltol@sign1                   cstackCOMMON 0076
___heap_hi                       (abs)        0000
___heap_lo                       (abs)        0000
___int_sp                        stack        0000
___int_stack_hi                  stack        0000
___int_stack_lo                  stack        0000
___latbits                       (abs)        0002
___sp                            stack        0000
___stack_hi                      stack        0000
___stack_lo                      stack        0000
___stackhi                       (abs)        0000
___stacklo                       (abs)        0000
___wmul                          text8        15A4
___wmul@multiplicand             cstackCOMMON 0074
___wmul@multiplier               cstackCOMMON 0072
___wmul@product                  cstackCOMMON 0076
___xxtofl                        text7        0728
___xxtofl@arg                    cstackBANK0  0026
___xxtofl@exp                    cstackBANK0  0025
___xxtofl@sign                   cstackBANK0  0024
___xxtofl@val                    cstackCOMMON 0072
__end_of__Umul8_16               text13       15F2
__end_of___awdiv                 text16       0881
__end_of___awmod                 text15       17A1
__end_of___fladd                 text11       1000
__end_of___flge                  text14       099D
__end_of___flmul                 text12       0728
__end_of___flsub                 text10       15A4
__end_of___fltol                 text9        08F9
__end_of___wmul                  text8        15C9
__end_of___xxtofl                text7        07E2
__end_of__initialization         cinit        0039
__end_of__stringtab              strings      11AE
__end_of_clcd_print              text20       1621
__end_of_clcd_putch              text19       0818
__end_of_clcd_write              text26       155E
__end_of_clear_screen            text6        152B
__end_of_door_status_check       text5        1748
__end_of_init_clcd               text24       1511
__end_of_init_config             text21       07F8
__end_of_init_digital_keypad     text23       07FE
__end_of_init_display_controller text25       169D
__end_of_init_timer2             text22       151E
__end_of_isr                     text27       1656
__end_of_main                    maintext     0DA0
__end_of_power_on_screen         text18       16F2
__end_of_read_digital_keypad     text17       1800
__end_of_run_program             text4        03E3
__end_of_set_time_for_program    text3        0A86
__end_of_washing_program_display text2        0B7C
__end_of_water_level_display     text1        0C72
__initialization                 cinit        000F
__pbssBANK0                      bssBANK0     0060
__pbssBANK1                      bssBANK1     00C7
__pbssCOMMON                     bssCOMMON    0079
__pcstackBANK0                   cstackBANK0  0020
__pcstackBANK1                   cstackBANK1  00C2
__pcstackCOMMON                  cstackCOMMON 0070
__pdataBANK0                     dataBANK0    006E
__pdataBANK1                     dataBANK1    00A0
__pidataBANK0                    idataBANK0   07FE
__pidataBANK1                    idataBANK1   155E
__pintentry                      intentry     0004
__pmaintext                      maintext     0C72
__pnvBANK0                       nvBANK0      006D
__pnvBANK1                       nvBANK1      00C9
__pstrings                       strings      119C
__pstringtext                    stringtext   1000
__ptext1                         text1        0B7C
__ptext10                        text10       1580
__ptext11                        text11       0DA0
__ptext12                        text12       03E3
__ptext13                        text13       15C9
__ptext14                        text14       08F9
__ptext15                        text15       1748
__ptext16                        text16       0818
__ptext17                        text17       17A1
__ptext18                        text18       169D
__ptext19                        text19       0803
__ptext2                         text2        0A86
__ptext20                        text20       15F2
__ptext21                        text21       07E2
__ptext22                        text22       1511
__ptext23                        text23       07F8
__ptext24                        text24       1506
__ptext25                        text25       1656
__ptext26                        text26       153E
__ptext27                        text27       1621
__ptext3                         text3        099D
__ptext4                         text4        003D
__ptext5                         text5        16F2
__ptext6                         text6        151E
__ptext7                         text7        0728
__ptext8                         text8        15A4
__ptext9                         text9        0881
__stringbase                     strings      11AE
__stringtab                      strings      119C
_clcd_print                      text20       15F2
_clcd_putch                      text19       0803
_clcd_write                      text26       153E
_clear_screen                    text6        151E
_door_status_check               text5        16F2
_init_clcd                       text24       1506
_init_config                     text21       07E2
_init_digital_keypad             text23       07F8
_init_display_controller         text25       1656
_init_timer2                     text22       1511
_isr                             text27       1621
_main                            maintext     0C72
_min                             bssBANK0     006A
_operation_mode                  nvBANK0      006D
_power_on_screen                 text18       169D
_program_no                      bssCOMMON    007A
_read_digital_keypad             text17       17A1
_reset_mode                      nvBANK1      00C9
_rinse_time                      bssBANK0     0064
_run_program                     text4        003D
_sec                             bssCOMMON    007B
_set_time_for_program            text3        099D
_spin_time                       bssBANK1     00C7
_wash_time                       bssBANK0     0066
_washing_prog                    dataBANK1    00A0
_washing_program_display         text2        0A86
_water_level_arr                 dataBANK1    00B8
_water_level_display             text1        0B7C
_water_level_index               bssCOMMON    0079
btemp                            (abs)        007E
clcd_print@addr                  cstackCOMMON 0078
clcd_print@str                   cstackCOMMON 0076
clcd_putch@addr                  cstackCOMMON 0078
clcd_putch@data                  cstackBANK0  0024
clcd_write@byte                  cstackCOMMON 0075
clcd_write@mode                  cstackCOMMON 0072
end_of_initialization            cinit        0039
init_fetch0                      inittext     152B
init_ram0                        inittext     152F
interrupt_function               intentry     0004
intlevel0                        functab      0000
intlevel1                        functab      0000
intlevel2                        functab      0000
intlevel3                        functab      0000
intlevel4                        functab      0000
intlevel5                        functab      0000
isr@count                        bssBANK0     0068
main@j                           cstackBANK1  00C2
main@j_156                       cstackBANK1  00C4
main@key                         cstackBANK1  00C6
power_on_screen@i                cstackBANK0  0028
power_on_screen@i_166            cstackBANK0  0029
read_digital_keypad@longpress    bssBANK0     006B
read_digital_keypad@mode         cstackCOMMON 0073
read_digital_keypad@once         dataBANK0    006E
read_digital_keypad@pre_key      bssBANK0     006C
reset_vec                        reset_vec    0000
run_program@key                  cstackBANK0  005F
run_program@time                 bssBANK0     0060
run_program@total_time           bssBANK0     0062
saved_w                          (abs)        007E
start                            init         000C
start_initialization             cinit        000F
washing_program_display@key      cstackBANK0  0027
water_level_display@key          cstackBANK0  0027
wtemp0                           (abs)        007E


MODULE INFORMATION

Module		Function		Class		Link	Load	Size
C:\Program Files\Microchip\xc8\v2.46\pic\sources\c99\common\fltol.c
		___fltol       		CODE           	0881	0000	120

C:\Program Files\Microchip\xc8\v2.46\pic\sources\c99\common\fltol.c estimated size: 120

C:\Program Files\Microchip\xc8\v2.46\pic\sources\c99\common\Umul8_16.c
		__Umul8_16     		CODE           	15C9	0000	41

C:\Program Files\Microchip\xc8\v2.46\pic\sources\c99\common\Umul8_16.c estimated size: 41

../Washing_machine_simulator-using-PIC16F877A-main/isr.c
		_isr           		CODE           	1621	0000	53

../Washing_machine_simulator-using-PIC16F877A-main/isr.c estimated size: 53

../Washing_machine_simulator-using-PIC16F877A-main/main.c
		_door_status_check		CODE           	16F2	0000	86
		_washing_program_display		CODE           	0A86	0000	246
		_main          		CODE           	0C72	0000	302
		_water_level_display		CODE           	0B7C	0000	246
		_run_program   		CODE           	003D	0000	934
		_clear_screen  		CODE           	151E	0000	13
		_power_on_screen		CODE           	169D	0000	85
		_init_config   		CODE           	07E2	0000	22
		_set_time_for_program		CODE           	099D	0000	233

../Washing_machine_simulator-using-PIC16F877A-main/main.c estimated size: 2167

C:\Program Files\Microchip\xc8\v2.46\pic\sources\c99\common\awdiv.c
		___awdiv       		CODE           	0818	0000	105

C:\Program Files\Microchip\xc8\v2.46\pic\sources\c99\common\awdiv.c estimated size: 105

C:\Program Files\Microchip\xc8\v2.46\pic\sources\c99\common\xxtofl.c
		___xxtofl      		CODE           	0728	0000	186

C:\Program Files\Microchip\xc8\v2.46\pic\sources\c99\common\xxtofl.c estimated size: 186

C:\Program Files\Microchip\xc8\v2.46\pic\sources\c99\common\sprcmul.c
		___flmul       		CODE           	03E3	0000	837

C:\Program Files\Microchip\xc8\v2.46\pic\sources\c99\common\sprcmul.c estimated size: 837

../Washing_machine_simulator-using-PIC16F877A-main/digital_keypad.c
		_init_digital_keypad		CODE           	07F8	0000	6
		_read_digital_keypad		CODE           	17A1	0000	95

../Washing_machine_simulator-using-PIC16F877A-main/digital_keypad.c estimated size: 101

../Washing_machine_simulator-using-PIC16F877A-main/timers.c
		_init_timer2   		CODE           	1511	0000	13

../Washing_machine_simulator-using-PIC16F877A-main/timers.c estimated size: 13

shared
		__stringtab    		STRING         	119C	0000	18
		__initialization		CODE           	000F	0000	42

shared estimated size: 60

C:\Program Files\Microchip\xc8\v2.46\pic\sources\c99\common\Umul16.c
		___wmul        		CODE           	15A4	0000	37

C:\Program Files\Microchip\xc8\v2.46\pic\sources\c99\common\Umul16.c estimated size: 37

../Washing_machine_simulator-using-PIC16F877A-main/clcd.c
		_clcd_write    		CODE           	153E	0000	32
		_clcd_print    		CODE           	15F2	0000	47
		_clcd_putch    		CODE           	0803	0000	21
		_init_display_controller		CODE           	1656	0000	71
		_init_clcd     		CODE           	1506	0000	11

../Washing_machine_simulator-using-PIC16F877A-main/clcd.c estimated size: 182

C:\Program Files\Microchip\xc8\v2.46\pic\sources\c99\common\sprcadd.c
		___flsub       		CODE           	1580	0000	36
		___fladd       		CODE           	0DA0	0000	608

C:\Program Files\Microchip\xc8\v2.46\pic\sources\c99\common\sprcadd.c estimated size: 644

C:\Program Files\Microchip\xc8\v2.46\pic\sources\c99\common\awmod.c
		___awmod       		CODE           	1748	0000	89

C:\Program Files\Microchip\xc8\v2.46\pic\sources\c99\common\awmod.c estimated size: 89

C:\Program Files\Microchip\xc8\v2.46\pic\sources\c99\common\flge.c
		___flge        		CODE           	08F9	0000	164

C:\Program Files\Microchip\xc8\v2.46\pic\sources\c99\common\flge.c estimated size: 164

